PHPUnit 10.5.64 by Sebastian Bergmann and contributors.

Runtime:       PHP 8.3.6
Configuration: /home/rubenlinde/memcap-work/lq-lanes/fq/phpunit.xml

.............................................................   61 / 2474 (  2%)
...............S..SS.........................................  122 / 2474 (  4%)
.............................................................  183 / 2474 (  7%)
.............................................................  244 / 2474 (  9%)
.............................................................  305 / 2474 ( 12%)
.............................................................  366 / 2474 ( 14%)
.............................................................  427 / 2474 ( 17%)
.............................................................  488 / 2474 ( 19%)
.............................................................  549 / 2474 ( 22%)
.............................................................  610 / 2474 ( 24%)
.............................................................  671 / 2474 ( 27%)
.............................................................  732 / 2474 ( 29%)
.............................................................  793 / 2474 ( 32%)
.............................................................  854 / 2474 ( 34%)
.............................................................  915 / 2474 ( 36%)
.............................................................  976 / 2474 ( 39%)
............................................................. 1037 / 2474 ( 41%)
............................................................. 1098 / 2474 ( 44%)
............................................................. 1159 / 2474 ( 46%)
............................................................. 1220 / 2474 ( 49%)
............................................................. 1281 / 2474 ( 51%)
............................................................. 1342 / 2474 ( 54%)
............................................................. 1403 / 2474 ( 56%)
............................................................. 1464 / 2474 ( 59%)
............................................................. 1525 / 2474 ( 61%)
............................................................. 1586 / 2474 ( 64%)
............................................................. 1647 / 2474 ( 66%)
............................................................. 1708 / 2474 ( 69%)
............................................................. 1769 / 2474 ( 71%)
............................................................. 1830 / 2474 ( 73%)
............................................................. 1891 / 2474 ( 76%)
............................................................. 1952 / 2474 ( 78%)
............................................................. 2013 / 2474 ( 81%)
............................................................. 2074 / 2474 ( 83%)
............................................................. 2135 / 2474 ( 86%)
............................................................. 2196 / 2474 ( 88%)
............................................................. 2257 / 2474 ( 91%)
............................................................. 2318 / 2474 ( 93%)
............................................................. 2379 / 2474 ( 96%)
............................................................. 2440 / 2474 ( 98%)
..................................                            2474 / 2474 (100%)

Time: 00:08.334, Memory: 102.50 MB

OK, but some tests were skipped!
Tests: 2474, Assertions: 7899, Skipped: 3.
