PHPUnit 10.5.64 by Sebastian Bergmann and contributors.

Runtime:       PHP 8.3.6
Configuration: /home/rubenlinde/memcap-work/lq-lanes/fq/phpunit.xml

......S..SS..................................................   61 / 2435 (  2%)
.............................................................  122 / 2435 (  5%)
.............................................................  183 / 2435 (  7%)
.............................................................  244 / 2435 ( 10%)
.............................................................  305 / 2435 ( 12%)
.............................................................  366 / 2435 ( 15%)
.............................................................  427 / 2435 ( 17%)
.............................................................  488 / 2435 ( 20%)
.............................................................  549 / 2435 ( 22%)
.............................................................  610 / 2435 ( 25%)
.............................................................  671 / 2435 ( 27%)
.............................................................  732 / 2435 ( 30%)
.............................................................  793 / 2435 ( 32%)
.............................................................  854 / 2435 ( 35%)
.............................................................  915 / 2435 ( 37%)
.............................................................  976 / 2435 ( 40%)
............................................................. 1037 / 2435 ( 42%)
............................................................. 1098 / 2435 ( 45%)
............................................................. 1159 / 2435 ( 47%)
............................................................. 1220 / 2435 ( 50%)
............................................................. 1281 / 2435 ( 52%)
............................................................. 1342 / 2435 ( 55%)
............................................................. 1403 / 2435 ( 57%)
............................................................. 1464 / 2435 ( 60%)
............................................................. 1525 / 2435 ( 62%)
............................................................. 1586 / 2435 ( 65%)
............................................................. 1647 / 2435 ( 67%)
............................................................. 1708 / 2435 ( 70%)
............................................................. 1769 / 2435 ( 72%)
............................................................. 1830 / 2435 ( 75%)
............................................................. 1891 / 2435 ( 77%)
............................................................. 1952 / 2435 ( 80%)
............................................................. 2013 / 2435 ( 82%)
............................................................. 2074 / 2435 ( 85%)
............................................................. 2135 / 2435 ( 87%)
............................................................. 2196 / 2435 ( 90%)
............................................................. 2257 / 2435 ( 92%)
............................................................. 2318 / 2435 ( 95%)
............................................................. 2379 / 2435 ( 97%)
........................................................      2435 / 2435 (100%)

Time: 00:09.513, Memory: 102.50 MB

OK, but some tests were skipped!
Tests: 2435, Assertions: 7775, Skipped: 3.
