PHPUnit 10.5.64 by Sebastian Bergmann and contributors.

Runtime:       PHP 8.3.6
Configuration: /home/rubenlinde/memcap-work/lq-lanes/fq/phpunit.xml

......S..SS..................................................   61 / 2414 (  2%)
.............................................................  122 / 2414 (  5%)
.............................................................  183 / 2414 (  7%)
.............................................................  244 / 2414 ( 10%)
.............................................................  305 / 2414 ( 12%)
.............................................................  366 / 2414 ( 15%)
.............................................................  427 / 2414 ( 17%)
.............................................................  488 / 2414 ( 20%)
.............................................................  549 / 2414 ( 22%)
.............................................................  610 / 2414 ( 25%)
.............................................................  671 / 2414 ( 27%)
.............................................................  732 / 2414 ( 30%)
.............................................................  793 / 2414 ( 32%)
.............................................................  854 / 2414 ( 35%)
.............................................................  915 / 2414 ( 37%)
.............................................................  976 / 2414 ( 40%)
............................................................. 1037 / 2414 ( 42%)
............................................................. 1098 / 2414 ( 45%)
............................................................. 1159 / 2414 ( 48%)
............................................................. 1220 / 2414 ( 50%)
............................................................. 1281 / 2414 ( 53%)
............................................................. 1342 / 2414 ( 55%)
............................................................. 1403 / 2414 ( 58%)
............................................................. 1464 / 2414 ( 60%)
............................................................. 1525 / 2414 ( 63%)
............................................................. 1586 / 2414 ( 65%)
............................................................. 1647 / 2414 ( 68%)
............................................................. 1708 / 2414 ( 70%)
............................................................. 1769 / 2414 ( 73%)
............................................................. 1830 / 2414 ( 75%)
............................................................. 1891 / 2414 ( 78%)
............................................................. 1952 / 2414 ( 80%)
............................................................. 2013 / 2414 ( 83%)
............................................................. 2074 / 2414 ( 85%)
............................................................. 2135 / 2414 ( 88%)
............................................................. 2196 / 2414 ( 90%)
............................................................. 2257 / 2414 ( 93%)
............................................................. 2318 / 2414 ( 96%)
............................................................. 2379 / 2414 ( 98%)
...................................                           2414 / 2414 (100%)

Time: 00:09.749, Memory: 102.50 MB

OK, but some tests were skipped!
Tests: 2414, Assertions: 7710, Skipped: 3.
exit 0
