PHPUnit 10.5.64 by Sebastian Bergmann and contributors.

Runtime:       PHP 8.3.6
Configuration: /home/rubenlinde/memcap-work/lq-lanes/fq/phpunit.xml

.............................................................   61 / 2476 (  2%)
.................S..SS.......................................  122 / 2476 (  4%)
.............................................................  183 / 2476 (  7%)
.............................................................  244 / 2476 (  9%)
.............................................................  305 / 2476 ( 12%)
.............................................................  366 / 2476 ( 14%)
.............................................................  427 / 2476 ( 17%)
.............................................................  488 / 2476 ( 19%)
.............................................................  549 / 2476 ( 22%)
.............................................................  610 / 2476 ( 24%)
.............................................................  671 / 2476 ( 27%)
.............................................................  732 / 2476 ( 29%)
.............................................................  793 / 2476 ( 32%)
.............................................................  854 / 2476 ( 34%)
.............................................................  915 / 2476 ( 36%)
.............................................................  976 / 2476 ( 39%)
............................................................. 1037 / 2476 ( 41%)
............................................................. 1098 / 2476 ( 44%)
............................................................. 1159 / 2476 ( 46%)
............................................................. 1220 / 2476 ( 49%)
............................................................. 1281 / 2476 ( 51%)
............................................................. 1342 / 2476 ( 54%)
............................................................. 1403 / 2476 ( 56%)
............................................................. 1464 / 2476 ( 59%)
............................................................. 1525 / 2476 ( 61%)
............................................................. 1586 / 2476 ( 64%)
............................................................. 1647 / 2476 ( 66%)
............................................................. 1708 / 2476 ( 68%)
............................................................. 1769 / 2476 ( 71%)
............................................................. 1830 / 2476 ( 73%)
............................................................. 1891 / 2476 ( 76%)
............................................................. 1952 / 2476 ( 78%)
............................................................. 2013 / 2476 ( 81%)
............................................................. 2074 / 2476 ( 83%)
............................................................. 2135 / 2476 ( 86%)
............................................................. 2196 / 2476 ( 88%)
............................................................. 2257 / 2476 ( 91%)
............................................................. 2318 / 2476 ( 93%)
............................................................. 2379 / 2476 ( 96%)
............................................................. 2440 / 2476 ( 98%)
....................................                          2476 / 2476 (100%)

Time: 00:05.945, Memory: 104.50 MB

OK, but some tests were skipped!
Tests: 2476, Assertions: 7987, Skipped: 3.
